src/App.tsx(1,1): error TS6133: 'React' is declared but its value is never read.
src/App.tsx(2,50): error TS6133: 'useLocation' is declared but its value is never read.
src/pages/AudioStoryPage.tsx(15,12): error TS6133: 'audioStoryUrl' is declared but its value is never read.
src/pages/CameraPage.tsx(2,20): error TS6133: 'CameraIcon' is declared but its value is never read.
src/pages/PictureBookPage.tsx(3,39): error TS6133: 'BookOpen' is declared but its value is never read.
src/pages/ProfilePage.tsx(62,11): error TS6133: 'handleRefreshToken' is declared but its value is never read.
src/pages/StartupPage.tsx(4,1): error TS6133: 'motion' is declared but its value is never read.
